// Jest Snapshot v1, https://goo.gl/fbAQLP

exports[`RecipeWManualId component RecipeManualId snapshot test 1`] = `""`;
