// Jest Snapshot v1, https://goo.gl/fbAQLP

exports[`Filter by Time component filter by time snapshot test 1`] = `<FilterTime />`;
