// Jest Snapshot v1, https://goo.gl/fbAQLP

exports[`Filter all componenet filter all snapshot test 1`] = `<FilterAll />`;
