// Jest Snapshot v1, https://goo.gl/fbAQLP

exports[`FilterIngredient component FilterIngredient snapshot test 1`] = `<FilterIngredient />`;
