// Jest Snapshot v1, https://goo.gl/fbAQLP

exports[`PrivateRoute component PrivateRoute snapshot test 1`] = `
<Route
  render={[Function]}
/>
`;
