// Jest Snapshot v1, https://goo.gl/fbAQLP

exports[`login form component Login form snapshot test 1`] = `
<div
  className="login-container"
>
  <p>
    login
  </p>
  <form
    onSubmit={[Function]}
  >
    <input
      id="user_name"
      name="user_name"
      placeholder="Username"
      required={true}
    />
    <input
      id="password"
      name="password"
      placeholder="Password"
      required={true}
      type="password"
    />
    <button
      type="submit"
    >
      login
    </button>
  </form>
</div>
`;
